MPLINK 5.09, LINKER
Linker Map File - Created Thu Oct 07 23:06:16 2021

                                 Section Info
                  Section       Type    Address   Location Size(Bytes)
                ---------  ---------  ---------  ---------  ---------
                   .org_0       code   0x000000    program   0x00003c
                   .cinit    romdata   0x00001e    program   0x000004
.config_2007_BUILD/DEFAULT/PRODUCTION/MAIN.O       code   0x002007    program   0x000002



                              Program Memory Usage 
                               Start         End      
                           ---------   ---------      
                            0x000000    0x00001f      
                            0x002007    0x002007      
            33 out of 1094 program addresses used, program memory utilization is 3%



                              Symbols - Sorted by Name
                     Name    Address   Location    Storage File                     
                ---------  ---------  ---------  --------- ---------                
                    Delay   0x000010    program     static C:\Users\MVP PatateChaude\MPLABXProjects\labo-assembleur\Main.asm
                  Delay_0   0x000016    program     static C:\Users\MVP PatateChaude\MPLABXProjects\labo-assembleur\Main.asm
                     MAIN   0x000005    program     static C:\Users\MVP PatateChaude\MPLABXProjects\labo-assembleur\Main.asm
             _.org_0_0017   0x000017    program     static C:\Users\MVP PatateChaude\MPLABXProjects\labo-assembleur\Main.asm
             _.org_0_0019   0x000019    program     static C:\Users\MVP PatateChaude\MPLABXProjects\labo-assembleur\Main.asm
             _.org_0_001C   0x00001c    program     static C:\Users\MVP PatateChaude\MPLABXProjects\labo-assembleur\Main.asm
                    start   0x000000    program     static C:\Users\MVP PatateChaude\MPLABXProjects\labo-assembleur\Main.asm
             sub_led1_off   0x00000c    program     static C:\Users\MVP PatateChaude\MPLABXProjects\labo-assembleur\Main.asm
              sub_led1_on   0x000008    program     static C:\Users\MVP PatateChaude\MPLABXProjects\labo-assembleur\Main.asm



                              Symbols - Sorted by Address
                     Name    Address   Location    Storage File                     
                ---------  ---------  ---------  --------- ---------                
                    start   0x000000    program     static C:\Users\MVP PatateChaude\MPLABXProjects\labo-assembleur\Main.asm
                     MAIN   0x000005    program     static C:\Users\MVP PatateChaude\MPLABXProjects\labo-assembleur\Main.asm
              sub_led1_on   0x000008    program     static C:\Users\MVP PatateChaude\MPLABXProjects\labo-assembleur\Main.asm
             sub_led1_off   0x00000c    program     static C:\Users\MVP PatateChaude\MPLABXProjects\labo-assembleur\Main.asm
                    Delay   0x000010    program     static C:\Users\MVP PatateChaude\MPLABXProjects\labo-assembleur\Main.asm
                  Delay_0   0x000016    program     static C:\Users\MVP PatateChaude\MPLABXProjects\labo-assembleur\Main.asm
             _.org_0_0017   0x000017    program     static C:\Users\MVP PatateChaude\MPLABXProjects\labo-assembleur\Main.asm
             _.org_0_0019   0x000019    program     static C:\Users\MVP PatateChaude\MPLABXProjects\labo-assembleur\Main.asm
             _.org_0_001C   0x00001c    program     static C:\Users\MVP PatateChaude\MPLABXProjects\labo-assembleur\Main.asm


