MPLINK 5.09, LINKER
Linker Map File - Created Thu Oct 14 22:59:34 2021

                                 Section Info
                  Section       Type    Address   Location Size(Bytes)
                ---------  ---------  ---------  ---------  ---------
                   .org_0       code   0x000000    program   0x000092
                   .cinit    romdata   0x000049    program   0x000004
.config_2007_BUILD/DEFAULT/PRODUCTION/MAIN.O       code   0x002007    program   0x000002



                              Program Memory Usage 
                               Start         End      
                           ---------   ---------      
                            0x000000    0x00004a      
                            0x002007    0x002007      
            76 out of 1094 program addresses used, program memory utilization is 6%



                              Symbols - Sorted by Name
                     Name    Address   Location    Storage File                     
                ---------  ---------  ---------  --------- ---------                
      BLINK_ALL_LEDS_ONCE   0x00001f    program     static C:\Users\MVP PatateChaude\MPLABXProjects\labo-assembleur\Main.asm
BOUNCING_BUTTON_SECURITY_RA0   0x000030    program     static C:\Users\MVP PatateChaude\MPLABXProjects\labo-assembleur\Main.asm
BOUNCING_BUTTON_SECURITY_RA1   0x000033    program     static C:\Users\MVP PatateChaude\MPLABXProjects\labo-assembleur\Main.asm
                CHECK_RA0   0x00000e    program     static C:\Users\MVP PatateChaude\MPLABXProjects\labo-assembleur\Main.asm
    CLEAR_IS_LED_BLINKING   0x00002d    program     static C:\Users\MVP PatateChaude\MPLABXProjects\labo-assembleur\Main.asm
                    DELAY   0x00003f    program     static C:\Users\MVP PatateChaude\MPLABXProjects\labo-assembleur\Main.asm
                  DELAY_0   0x000043    program     static C:\Users\MVP PatateChaude\MPLABXProjects\labo-assembleur\Main.asm
  DELAY_WITH_CHECK_BUTTON   0x000036    program     static C:\Users\MVP PatateChaude\MPLABXProjects\labo-assembleur\Main.asm
DELAY_WITH_CHECK_BUTTON_0   0x000038    program     static C:\Users\MVP PatateChaude\MPLABXProjects\labo-assembleur\Main.asm
DELAY_WITH_CHECK_BUTTON_CHECK   0x00003b    program     static C:\Users\MVP PatateChaude\MPLABXProjects\labo-assembleur\Main.asm
          LIGHT_OFF_PORTB   0x000027    program     static C:\Users\MVP PatateChaude\MPLABXProjects\labo-assembleur\Main.asm
           LIGHT_ON_PORTB   0x000024    program     static C:\Users\MVP PatateChaude\MPLABXProjects\labo-assembleur\Main.asm
                     MAIN   0x000009    program     static C:\Users\MVP PatateChaude\MPLABXProjects\labo-assembleur\Main.asm
      SET_IS_LED_BLINKING   0x00002a    program     static C:\Users\MVP PatateChaude\MPLABXProjects\labo-assembleur\Main.asm
         SHUT_THE_FUCK_UP   0x000019    program     static C:\Users\MVP PatateChaude\MPLABXProjects\labo-assembleur\Main.asm
                    START   0x000000    program     static C:\Users\MVP PatateChaude\MPLABXProjects\labo-assembleur\Main.asm
       START_LED_BLINKING   0x000012    program     static C:\Users\MVP PatateChaude\MPLABXProjects\labo-assembleur\Main.asm
        STOP_LED_BLINKING   0x000015    program     static C:\Users\MVP PatateChaude\MPLABXProjects\labo-assembleur\Main.asm
             _.org_0_0044   0x000044    program     static C:\Users\MVP PatateChaude\MPLABXProjects\labo-assembleur\Main.asm
             _.org_0_0047   0x000047    program     static C:\Users\MVP PatateChaude\MPLABXProjects\labo-assembleur\Main.asm



                              Symbols - Sorted by Address
                     Name    Address   Location    Storage File                     
                ---------  ---------  ---------  --------- ---------                
                    START   0x000000    program     static C:\Users\MVP PatateChaude\MPLABXProjects\labo-assembleur\Main.asm
                     MAIN   0x000009    program     static C:\Users\MVP PatateChaude\MPLABXProjects\labo-assembleur\Main.asm
                CHECK_RA0   0x00000e    program     static C:\Users\MVP PatateChaude\MPLABXProjects\labo-assembleur\Main.asm
       START_LED_BLINKING   0x000012    program     static C:\Users\MVP PatateChaude\MPLABXProjects\labo-assembleur\Main.asm
        STOP_LED_BLINKING   0x000015    program     static C:\Users\MVP PatateChaude\MPLABXProjects\labo-assembleur\Main.asm
         SHUT_THE_FUCK_UP   0x000019    program     static C:\Users\MVP PatateChaude\MPLABXProjects\labo-assembleur\Main.asm
      BLINK_ALL_LEDS_ONCE   0x00001f    program     static C:\Users\MVP PatateChaude\MPLABXProjects\labo-assembleur\Main.asm
           LIGHT_ON_PORTB   0x000024    program     static C:\Users\MVP PatateChaude\MPLABXProjects\labo-assembleur\Main.asm
          LIGHT_OFF_PORTB   0x000027    program     static C:\Users\MVP PatateChaude\MPLABXProjects\labo-assembleur\Main.asm
      SET_IS_LED_BLINKING   0x00002a    program     static C:\Users\MVP PatateChaude\MPLABXProjects\labo-assembleur\Main.asm
    CLEAR_IS_LED_BLINKING   0x00002d    program     static C:\Users\MVP PatateChaude\MPLABXProjects\labo-assembleur\Main.asm
BOUNCING_BUTTON_SECURITY_RA0   0x000030    program     static C:\Users\MVP PatateChaude\MPLABXProjects\labo-assembleur\Main.asm
BOUNCING_BUTTON_SECURITY_RA1   0x000033    program     static C:\Users\MVP PatateChaude\MPLABXProjects\labo-assembleur\Main.asm
  DELAY_WITH_CHECK_BUTTON   0x000036    program     static C:\Users\MVP PatateChaude\MPLABXProjects\labo-assembleur\Main.asm
DELAY_WITH_CHECK_BUTTON_0   0x000038    program     static C:\Users\MVP PatateChaude\MPLABXProjects\labo-assembleur\Main.asm
DELAY_WITH_CHECK_BUTTON_CHECK   0x00003b    program     static C:\Users\MVP PatateChaude\MPLABXProjects\labo-assembleur\Main.asm
                    DELAY   0x00003f    program     static C:\Users\MVP PatateChaude\MPLABXProjects\labo-assembleur\Main.asm
                  DELAY_0   0x000043    program     static C:\Users\MVP PatateChaude\MPLABXProjects\labo-assembleur\Main.asm
             _.org_0_0044   0x000044    program     static C:\Users\MVP PatateChaude\MPLABXProjects\labo-assembleur\Main.asm
             _.org_0_0047   0x000047    program     static C:\Users\MVP PatateChaude\MPLABXProjects\labo-assembleur\Main.asm


