MPLINK 5.09, LINKER
Linker Map File - Created Sun Oct 03 20:01:12 2021

                                 Section Info
                  Section       Type    Address   Location Size(Bytes)
                ---------  ---------  ---------  ---------  ---------
                   .org_0       code   0x000000    program   0x000034
                   .cinit    romdata   0x00001a    program   0x000004
.config_2007_BUILD/DEFAULT/PRODUCTION/TESTLED       code   0x002007    program   0x000002



                              Program Memory Usage 
                               Start         End      
                           ---------   ---------      
                            0x000000    0x00001b      
                            0x002007    0x002007      
            29 out of 1094 program addresses used, program memory utilization is 2%



                              Symbols - Sorted by Name
                     Name    Address   Location    Storage File                     
                ---------  ---------  ---------  --------- ---------                
                    Delay   0x00000c    program     static C:\Users\MVP PatateChaude\MPLABXProjects\ProjetTest2.X\TestLed.asm
                  Delay_0   0x000012    program     static C:\Users\MVP PatateChaude\MPLABXProjects\ProjetTest2.X\TestLed.asm
                     MAIN   0x000005    program     static C:\Users\MVP PatateChaude\MPLABXProjects\ProjetTest2.X\TestLed.asm
             _.org_0_0013   0x000013    program     static C:\Users\MVP PatateChaude\MPLABXProjects\ProjetTest2.X\TestLed.asm
             _.org_0_0015   0x000015    program     static C:\Users\MVP PatateChaude\MPLABXProjects\ProjetTest2.X\TestLed.asm
             _.org_0_0018   0x000018    program     static C:\Users\MVP PatateChaude\MPLABXProjects\ProjetTest2.X\TestLed.asm
                    start   0x000000    program     static C:\Users\MVP PatateChaude\MPLABXProjects\ProjetTest2.X\TestLed.asm



                              Symbols - Sorted by Address
                     Name    Address   Location    Storage File                     
                ---------  ---------  ---------  --------- ---------                
                    start   0x000000    program     static C:\Users\MVP PatateChaude\MPLABXProjects\ProjetTest2.X\TestLed.asm
                     MAIN   0x000005    program     static C:\Users\MVP PatateChaude\MPLABXProjects\ProjetTest2.X\TestLed.asm
                    Delay   0x00000c    program     static C:\Users\MVP PatateChaude\MPLABXProjects\ProjetTest2.X\TestLed.asm
                  Delay_0   0x000012    program     static C:\Users\MVP PatateChaude\MPLABXProjects\ProjetTest2.X\TestLed.asm
             _.org_0_0013   0x000013    program     static C:\Users\MVP PatateChaude\MPLABXProjects\ProjetTest2.X\TestLed.asm
             _.org_0_0015   0x000015    program     static C:\Users\MVP PatateChaude\MPLABXProjects\ProjetTest2.X\TestLed.asm
             _.org_0_0018   0x000018    program     static C:\Users\MVP PatateChaude\MPLABXProjects\ProjetTest2.X\TestLed.asm


